N = 100000000, DISTRIBUTION: 0, K: 96
initing data by random
Sort[0]: 3417.56
Assign[0]: 2453.35
Bindex data min: 0  max: 99999999
Set areaStartValues[0]: 0.087
Build FV[0]: 2744.17
Sort[1]: 3215.58
Assign[1]: 1726.69
Bindex data min: 0  max: 99999999
Set areaStartValues[1]: 0.101
Build FV[1]: 2775.58
Sort[2]: 3134.26
Assign[2]: 1800.69
Bindex data min: 0  max: 99999999
Set areaStartValues[2]: 0.105
Build FV[2]: 2763.3
[Mem] Uniform Encoding CPU memery used(MB): 353.676
[Mem] Sieve Bit Vector used(MB): 3420
[OptiX]initializeOptix begin...
data num:                   100000000
aabb_width                  83334.000000
ray_interval                83334.000000
[OptiX] range: 0 99999999 0 99999999 0 99999999 
epsilon: 0
Final GAS size: 3084.200195 MB
[Time] initializeOptix: 850.473 ms
[Time] transferBasicData: 558.341 ms
[OptiX]initializeOptix end
[Mem] RT used(MB): 5396
[Mem] Result Bit Vector used(MB): 36
[LOG] Number of queries: 11
input [operator] [target_l] [target_r] (1/3)
lt 0
input [operator] [target_l] [target_r] (2/3)
lt 0
input [operator] [target_l] [target_r] (3/3)
lt 0
input [operator] [target_l] [target_r] (1/3)
lt 10000000
input [operator] [target_l] [target_r] (2/3)
lt 10000000
input [operator] [target_l] [target_r] (3/3)
lt 10000000
input [operator] [target_l] [target_r] (1/3)
lt 20000000
input [operator] [target_l] [target_r] (2/3)
lt 20000000
input [operator] [target_l] [target_r] (3/3)
lt 20000000
input [operator] [target_l] [target_r] (1/3)
lt 30000000
input [operator] [target_l] [target_r] (2/3)
lt 30000000
input [operator] [target_l] [target_r] (3/3)
lt 30000000
input [operator] [target_l] [target_r] (1/3)
lt 40000000
input [operator] [target_l] [target_r] (2/3)
lt 40000000
input [operator] [target_l] [target_r] (3/3)
lt 40000000
input [operator] [target_l] [target_r] (1/3)
lt 50000000
input [operator] [target_l] [target_r] (2/3)
lt 50000000
input [operator] [target_l] [target_r] (3/3)
lt 50000000
input [operator] [target_l] [target_r] (1/3)
lt 60000000
input [operator] [target_l] [target_r] (2/3)
lt 60000000
input [operator] [target_l] [target_r] (3/3)
lt 60000000
input [operator] [target_l] [target_r] (1/3)
lt 70000000
input [operator] [target_l] [target_r] (2/3)
lt 70000000
input [operator] [target_l] [target_r] (3/3)
lt 70000000
input [operator] [target_l] [target_r] (1/3)
lt 80000000
input [operator] [target_l] [target_r] (2/3)
lt 80000000
input [operator] [target_l] [target_r] (3/3)
lt 80000000
input [operator] [target_l] [target_r] (1/3)
lt 90000000
input [operator] [target_l] [target_r] (2/3)
lt 90000000
input [operator] [target_l] [target_r] (3/3)
lt 90000000
input [operator] [target_l] [target_r] (1/3)
lt 100000000
input [operator] [target_l] [target_r] (2/3)
lt 100000000
input [operator] [target_l] [target_r] (3/3)
lt 100000000
###########   Major Time  ##########
[Time] uniform encoding: 0 ms
[Time] build sieve bit vector: 24695.7 ms
[Time] initialize RT: 1988.05 ms
[Time] encode query: 0 ms
[Time] transfer sieve bit vector: 517.519 ms
####################################
[INFO] 0 face merge, other skipped.
0 < x < 0
0 < x < 0
0 < x < 0
[INFO] 0 face scan, other skipped.
[INFO] 0 face scan skipped for the same compares[0] and compares[1].

###########   Time  ##########
[Time] query to ray (ray building): 0.0119629 ms
[Time] data sieving: 0.14502 ms
[Time] merge: 0.0229492 ms
[Time] refine: 0.00683594 ms
[Time] total scan: 0.260986 ms
[Time] transfer result back to memory: 0.233887 ms
[Time] total time: 0.494873 ms
##############################

[CHECK]hit 0/0
[CHECK] check final result done.

bindex->areaStartValues[9]=9374994, comapre[0]: 10000000 10416660
bindex->areaStartValues[9]=9374994, comapre[1]: 10000000 10416660
bindex->areaStartValues[9]=9374994, comapre[2]: 10000000 10416660
10000000 < x < 10416660
10000000 < x < 10416660
10000000 < x < 10416660
[Prepared predicate] MS = 0, predicate: 9999999.000000 10416660.000000 -1.000000 10000000.000000 -1.000000 10000000.000000 
direction = 1
[INFO] compares prepared.
[Prepared predicate] MS = 1, predicate: -1.000000 10416660.000000 9999999.000000 10416660.000000 -1.000000 10000000.000000 
direction = 0
[INFO] compares prepared.
[Prepared predicate] MS = 2, predicate: -1.000000 10416660.000000 -1.000000 10416660.000000 9999999.000000 10416660.000000 
direction = 0
[INFO] compares prepared.
total selectivity: 0.000130

###########   Time  ##########
[Time] query to ray (ray building): 0.0595703 ms
[Time] data sieving: 1.4519 ms
[Time] merge: 0.0961914 ms
[Time] refine: 0.616943 ms
[Time] total scan: 2.23389 ms
[Time] transfer result back to memory: 0.236084 ms
[Time] total time: 2.46997 ms
##############################

[CHECK]hit 100279/100279
[CHECK] check final result done.

bindex->areaStartValues[19]=19791654, comapre[0]: 19791654 20000000
bindex->areaStartValues[19]=19791654, comapre[1]: 19791654 20000000
bindex->areaStartValues[19]=19791654, comapre[2]: 19791654 20000000
19791654 < x < 20000000
19791654 < x < 20000000
19791654 < x < 20000000
[Prepared predicate] MS = 0, predicate: 19791653.000000 20000000.000000 -1.000000 20000000.000000 -1.000000 20000000.000000 
direction = 1
[INFO] compares prepared.
[Prepared predicate] MS = 1, predicate: -1.000000 19791654.000000 19791653.000000 20000000.000000 -1.000000 20000000.000000 
direction = 2
[INFO] compares prepared.
[Prepared predicate] MS = 2, predicate: -1.000000 19791654.000000 -1.000000 19791654.000000 19791653.000000 20000000.000000 
direction = 0
[INFO] compares prepared.
total selectivity: 0.000247

###########   Time  ##########
[Time] query to ray (ray building): 0.064209 ms
[Time] data sieving: 0.249023 ms
[Time] merge: 0.0549316 ms
[Time] refine: 0.61499 ms
[Time] total scan: 0.997803 ms
[Time] transfer result back to memory: 0.23999 ms
[Time] total time: 1.23779 ms
##############################

[CHECK]hit 800461/800461
[CHECK] check final result done.

bindex->areaStartValues[28]=29166648, comapre[0]: 30000000 30208314
bindex->areaStartValues[28]=29166648, comapre[1]: 30000000 30208314
bindex->areaStartValues[28]=29166648, comapre[2]: 30000000 30208314
30000000 < x < 30208314
30000000 < x < 30208314
30000000 < x < 30208314
[Prepared predicate] MS = 0, predicate: 29999999.000000 30208314.000000 -1.000000 30000000.000000 -1.000000 30000000.000000 
direction = 1
[INFO] compares prepared.
[Prepared predicate] MS = 1, predicate: -1.000000 30208314.000000 29999999.000000 30208314.000000 -1.000000 30000000.000000 
direction = 0
[INFO] compares prepared.
[Prepared predicate] MS = 2, predicate: -1.000000 30208314.000000 -1.000000 30208314.000000 29999999.000000 30208314.000000 
direction = 0
[INFO] compares prepared.
total selectivity: 0.000566

###########   Time  ##########
[Time] query to ray (ray building): 0.065918 ms
[Time] data sieving: 0.425049 ms
[Time] merge: 0.0529785 ms
[Time] refine: 1.05005 ms
[Time] total scan: 1.79102 ms
[Time] transfer result back to memory: 0.239014 ms
[Time] total time: 2.03003 ms
##############################

[CHECK]hit 2702836/2702836
[CHECK] check final result done.

bindex->areaStartValues[38]=39583308, comapre[0]: 39583308 40000000
bindex->areaStartValues[38]=39583308, comapre[1]: 39583308 40000000
bindex->areaStartValues[38]=39583308, comapre[2]: 39583308 40000000
39583308 < x < 40000000
39583308 < x < 40000000
39583308 < x < 40000000
[Prepared predicate] MS = 0, predicate: 39583307.000000 40000000.000000 -1.000000 40000000.000000 -1.000000 40000000.000000 
direction = 1
[INFO] compares prepared.
[Prepared predicate] MS = 1, predicate: -1.000000 39583308.000000 39583307.000000 40000000.000000 -1.000000 40000000.000000 
direction = 2
[INFO] compares prepared.
[Prepared predicate] MS = 2, predicate: -1.000000 39583308.000000 -1.000000 39583308.000000 39583307.000000 40000000.000000 
direction = 0
[INFO] compares prepared.
total selectivity: 0.001979

###########   Time  ##########
[Time] query to ray (ray building): 0.0578613 ms
[Time] data sieving: 0.423096 ms
[Time] merge: 0.0539551 ms
[Time] refine: 0.640137 ms
[Time] total scan: 1.19189 ms
[Time] transfer result back to memory: 0.234131 ms
[Time] total time: 1.42603 ms
##############################

[CHECK]hit 6400788/6400788
[CHECK] check final result done.

bindex->areaStartValues[48]=49999968, comapre[0]: 49999968 50000000
bindex->areaStartValues[48]=49999968, comapre[1]: 49999968 50000000
bindex->areaStartValues[48]=49999968, comapre[2]: 49999968 50000000
49999968 < x < 50000000
49999968 < x < 50000000
49999968 < x < 50000000
[Prepared predicate] MS = 0, predicate: 49999967.000000 50000000.000000 -1.000000 50000000.000000 -1.000000 50000000.000000 
direction = 1
[INFO] compares prepared.
[Prepared predicate] MS = 1, predicate: -1.000000 49999968.000000 49999967.000000 50000000.000000 -1.000000 50000000.000000 
direction = 2
[INFO] compares prepared.
[Prepared predicate] MS = 2, predicate: -1.000000 49999968.000000 -1.000000 49999968.000000 49999967.000000 50000000.000000 
direction = 0
[INFO] compares prepared.
total selectivity: 0.000000

###########   Time  ##########
[Time] query to ray (ray building): 0.0610352 ms
[Time] data sieving: 0.439941 ms
[Time] merge: 0.052002 ms
[Time] refine: 0.891113 ms
[Time] total scan: 1.46118 ms
[Time] transfer result back to memory: 0.241943 ms
[Time] total time: 1.70312 ms
##############################

[CHECK]hit 12502511/12502511
[CHECK] check final result done.

bindex->areaStartValues[57]=59374962, comapre[0]: 60000000 60416628
bindex->areaStartValues[57]=59374962, comapre[1]: 60000000 60416628
bindex->areaStartValues[57]=59374962, comapre[2]: 60000000 60416628
60000000 < x < 60416628
60000000 < x < 60416628
60000000 < x < 60416628
[Prepared predicate] MS = 0, predicate: 59999999.000000 60416628.000000 -1.000000 60000000.000000 -1.000000 60000000.000000 
direction = 1
[INFO] compares prepared.
[Prepared predicate] MS = 1, predicate: -1.000000 60416628.000000 59999999.000000 60416628.000000 -1.000000 60000000.000000 
direction = 0
[INFO] compares prepared.
[Prepared predicate] MS = 2, predicate: -1.000000 60416628.000000 -1.000000 60416628.000000 59999999.000000 60416628.000000 
direction = 0
[INFO] compares prepared.
total selectivity: 0.004531

###########   Time  ##########
[Time] query to ray (ray building): 0.0405273 ms
[Time] data sieving: 0.35791 ms
[Time] merge: 0.0578613 ms
[Time] refine: 0.862061 ms
[Time] total scan: 1.34106 ms
[Time] transfer result back to memory: 0.241943 ms
[Time] total time: 1.58301 ms
##############################

[CHECK]hit 21603241/21603241
[CHECK] check final result done.

bindex->areaStartValues[67]=69791622, comapre[0]: 69791622 70000000
bindex->areaStartValues[67]=69791622, comapre[1]: 69791622 70000000
bindex->areaStartValues[67]=69791622, comapre[2]: 69791622 70000000
69791622 < x < 70000000
69791622 < x < 70000000
69791622 < x < 70000000
[Prepared predicate] MS = 0, predicate: 69791621.000000 70000000.000000 -1.000000 70000000.000000 -1.000000 70000000.000000 
direction = 1
[INFO] compares prepared.
[Prepared predicate] MS = 1, predicate: -1.000000 69791622.000000 69791621.000000 70000000.000000 -1.000000 70000000.000000 
direction = 2
[INFO] compares prepared.
[Prepared predicate] MS = 2, predicate: -1.000000 69791622.000000 -1.000000 69791622.000000 69791621.000000 70000000.000000 
direction = 0
[INFO] compares prepared.
total selectivity: 0.003054

###########   Time  ##########
[Time] query to ray (ray building): 0.0671387 ms
[Time] data sieving: 0.480957 ms
[Time] merge: 0.0578613 ms
[Time] refine: 1.41089 ms
[Time] total scan: 2.0332 ms
[Time] transfer result back to memory: 0.243896 ms
[Time] total time: 2.2771 ms
##############################

[CHECK]hit 34301154/34301154
[CHECK] check final result done.

bindex->areaStartValues[76]=79166616, comapre[0]: 80000000 80208282
bindex->areaStartValues[76]=79166616, comapre[1]: 80000000 80208282
bindex->areaStartValues[76]=79166616, comapre[2]: 80000000 80208282
80000000 < x < 80208282
80000000 < x < 80208282
80000000 < x < 80208282
[Prepared predicate] MS = 0, predicate: 79999999.000000 80208282.000000 -1.000000 80000000.000000 -1.000000 80000000.000000 
direction = 1
[INFO] compares prepared.
[Prepared predicate] MS = 1, predicate: -1.000000 80208282.000000 79999999.000000 80208282.000000 -1.000000 80000000.000000 
direction = 0
[INFO] compares prepared.
[Prepared predicate] MS = 2, predicate: -1.000000 80208282.000000 -1.000000 80208282.000000 79999999.000000 80208282.000000 
direction = 0
[INFO] compares prepared.
total selectivity: 0.004009

###########   Time  ##########
[Time] query to ray (ray building): 0.0717773 ms
[Time] data sieving: 0.46582 ms
[Time] merge: 0.0561523 ms
[Time] refine: 1.18311 ms
[Time] total scan: 1.81201 ms
[Time] transfer result back to memory: 0.24292 ms
[Time] total time: 2.05493 ms
##############################

[CHECK]hit 51199417/51199417
[CHECK] check final result done.

bindex->areaStartValues[86]=89583276, comapre[0]: 89583276 90000000
bindex->areaStartValues[86]=89583276, comapre[1]: 89583276 90000000
bindex->areaStartValues[86]=89583276, comapre[2]: 89583276 90000000
89583276 < x < 90000000
89583276 < x < 90000000
89583276 < x < 90000000
[Prepared predicate] MS = 0, predicate: 89583275.000000 90000000.000000 -1.000000 90000000.000000 -1.000000 90000000.000000 
direction = 1
[INFO] compares prepared.
[Prepared predicate] MS = 1, predicate: -1.000000 89583276.000000 89583275.000000 90000000.000000 -1.000000 90000000.000000 
direction = 2
[INFO] compares prepared.
[Prepared predicate] MS = 2, predicate: -1.000000 89583276.000000 -1.000000 89583276.000000 89583275.000000 90000000.000000 
direction = 0
[INFO] compares prepared.
total selectivity: 0.010080

###########   Time  ##########
[Time] query to ray (ray building): 0.0639648 ms
[Time] data sieving: 0.355957 ms
[Time] merge: 0.0510254 ms
[Time] refine: 1.26709 ms
[Time] total scan: 1.75903 ms
[Time] transfer result back to memory: 0.24585 ms
[Time] total time: 2.00488 ms
##############################

[CHECK]hit 72900259/72900259
[CHECK] check final result done.

[INFO] merge face 0 skipped, set it to 0xFF
[INFO] 0 face merge skipped.
[INFO] 1 face merge skipped.
[INFO] 2 face merge skipped.
0 < x < 100000000
0 < x < 100000000
0 < x < 100000000
[INFO] 0 face scan skipped.
[INFO] 1 face scan skipped.
[INFO] 2 face scan skipped.
total selectivity: 0.000000

###########   Time  ##########
[Time] query to ray (ray building): 0.0170898 ms
[Time] data sieving: 0.177979 ms
[Time] merge: 0.0561523 ms
[Time] refine: 0.0251465 ms
[Time] total scan: 0.317871 ms
[Time] transfer result back to memory: 0.246094 ms
[Time] total time: 0.563965 ms
##############################

[CHECK]hit 100000000/100000000
[CHECK] check final result done.

